=================================
      SYSTEM MONITOR REPORT
=================================

Hostname:
localhost.localdomain

Current User:
root

System Uptime:
 18:15:41 up  1:33,  2 users,  load average: 0.20, 0.14, 0.12

Memory Usage:
               total        used        free      shared  buff/cache   available
Mem:           1.7Gi       1.0Gi       429Mi        23Mi       452Mi       686Mi
Swap:          2.0Gi        89Mi       1.9Gi

Disk Usage:
Filesystem           Size  Used Avail Use% Mounted on
devtmpfs             4.0M     0  4.0M   0% /dev
tmpfs                854M     0  854M   0% /dev/shm
tmpfs                342M   12M  330M   4% /run
/dev/mapper/rl-root   17G  6.6G   11G  39% /
/dev/sda1            960M  490M  471M  52% /boot
/dev/sr0              51M   51M     0 100% /run/media/peasenkerrots/VBox_GAs_7.2.8
tmpfs                171M  104K  171M   1% /run/user/1000

IP Address:
192.168.1.105 2600:1702:77c4:f800::1d 2600:1702:77c4:f800:a00:27ff:fe14:7eba 

Apache Status:
active

SSH Status:
active

=================================
       REPORT COMPLETE
=================================
=================================
      SYSTEM MONITOR REPORT
=================================

Hostname:
localhost.localdomain

Current User:
root

System Uptime:
 18:20:01 up  1:37,  2 users,  load average: 0.03, 0.07, 0.09

Memory Usage:
               total        used        free      shared  buff/cache   available
Mem:           1.7Gi       1.0Gi       434Mi        20Mi       446Mi       688Mi
Swap:          2.0Gi        88Mi       1.9Gi

Disk Usage:
Filesystem           Size  Used Avail Use% Mounted on
devtmpfs             4.0M     0  4.0M   0% /dev
tmpfs                854M     0  854M   0% /dev/shm
tmpfs                342M   12M  330M   4% /run
/dev/mapper/rl-root   17G  6.6G   11G  39% /
/dev/sda1            960M  490M  471M  52% /boot
/dev/sr0              51M   51M     0 100% /run/media/peasenkerrots/VBox_GAs_7.2.8
tmpfs                171M  104K  171M   1% /run/user/1000

IP Address:
192.168.1.105 2600:1702:77c4:f800::1d 2600:1702:77c4:f800:a00:27ff:fe14:7eba 

Apache Status:
active

SSH Status:
active

=================================
       REPORT COMPLETE
=================================
=================================
      SYSTEM MONITOR REPORT
=================================

Hostname:
localhost.localdomain

Current User:
root

System Uptime:
 18:25:01 up  1:42,  2 users,  load average: 0.08, 0.03, 0.06

Memory Usage:
               total        used        free      shared  buff/cache   available
Mem:           1.7Gi       1.0Gi       434Mi        20Mi       446Mi       688Mi
Swap:          2.0Gi        88Mi       1.9Gi

Disk Usage:
Filesystem           Size  Used Avail Use% Mounted on
devtmpfs             4.0M     0  4.0M   0% /dev
tmpfs                854M     0  854M   0% /dev/shm
tmpfs                342M   12M  330M   4% /run
/dev/mapper/rl-root   17G  6.6G   11G  39% /
/dev/sda1            960M  490M  471M  52% /boot
/dev/sr0              51M   51M     0 100% /run/media/peasenkerrots/VBox_GAs_7.2.8
tmpfs                171M  104K  171M   1% /run/user/1000
tmpfs                171M   40K  171M   1% /run/user/0

IP Address:
192.168.1.105 2600:1702:77c4:f800::1d 2600:1702:77c4:f800:a00:27ff:fe14:7eba 

Apache Status:
active

SSH Status:
active

=================================
       REPORT COMPLETE
=================================
=================================
      SYSTEM MONITOR REPORT
=================================

Hostname:
localhost.localdomain

Current User:
root

System Uptime:
 18:30:02 up  1:47,  2 users,  load average: 0.02, 0.02, 0.04

Memory Usage:
               total        used        free      shared  buff/cache   available
Mem:           1.7Gi       1.0Gi       431Mi        24Mi       450Mi       685Mi
Swap:          2.0Gi        88Mi       1.9Gi

Disk Usage:
Filesystem           Size  Used Avail Use% Mounted on
devtmpfs             4.0M     0  4.0M   0% /dev
tmpfs                854M     0  854M   0% /dev/shm
tmpfs                342M   12M  330M   4% /run
/dev/mapper/rl-root   17G  6.6G   11G  39% /
/dev/sda1            960M  490M  471M  52% /boot
/dev/sr0              51M   51M     0 100% /run/media/peasenkerrots/VBox_GAs_7.2.8
tmpfs                171M  104K  171M   1% /run/user/1000
tmpfs                171M   40K  171M   1% /run/user/0

IP Address:
192.168.1.105 2600:1702:77c4:f800::1d 2600:1702:77c4:f800:a00:27ff:fe14:7eba 

Apache Status:
active

SSH Status:
active

=================================
       REPORT COMPLETE
=================================
=================================
      SYSTEM MONITOR REPORT
=================================

Hostname:
localhost.localdomain

Current User:
root

System Uptime:
 18:35:01 up  1:52,  2 users,  load average: 0.16, 0.04, 0.03

Memory Usage:
               total        used        free      shared  buff/cache   available
Mem:           1.7Gi       1.1Gi       305Mi        24Mi       486Mi       622Mi
Swap:          2.0Gi        88Mi       1.9Gi

Disk Usage:
Filesystem           Size  Used Avail Use% Mounted on
devtmpfs             4.0M     0  4.0M   0% /dev
tmpfs                854M     0  854M   0% /dev/shm
tmpfs                342M   12M  330M   4% /run
/dev/mapper/rl-root   17G  6.7G   11G  40% /
/dev/sda1            960M  490M  471M  52% /boot
/dev/sr0              51M   51M     0 100% /run/media/peasenkerrots/VBox_GAs_7.2.8
tmpfs                171M  104K  171M   1% /run/user/1000
tmpfs                171M   40K  171M   1% /run/user/0

IP Address:
192.168.1.105 2600:1702:77c4:f800::1d 2600:1702:77c4:f800:a00:27ff:fe14:7eba 

Apache Status:
active

SSH Status:
active

=================================
       REPORT COMPLETE
=================================
